// Jest Snapshot v1, https://goo.gl/fbAQLP

exports[`Button test snapshot 1`] = `
<button
  className="rdf-button rdf-button--default rdf-button--normal"
  disabled={false}
>
  TEST
</button>
`;
